<?xml version="1.0" encoding="utf-8" ?>
<!DOCTYPE html PUBLIC "-//W3C//DTD XHTML 1.0 Transitional//EN"
  "http://www.w3.org/TR/xhtml1/DTD/xhtml1-transitional.dtd">
<!--  This file is generated by Nim. -->
<html xmlns="http://www.w3.org/1999/xhtml" xml:lang="en" lang="en">
<head>
<meta http-equiv="Content-Type" content="text/html; charset=utf-8" />

<meta name="viewport" content="width=device-width, initial-scale=1.0">

<!-- Favicon -->
<link rel="shortcut icon" href="data:image/x-icon;base64,AAABAAEAEBAAAAEAIABoBAAAFgAAACgAAAAQAAAAIAAAAAEAIAAAAAAAAAAAAAAAAAAAAAAAAAAAAAAAAAD///8A////AP///wD///8A////AP///wD///8A////AP///wD///8A////AP///wD///8A////AP///wD///8A////AP///wD///8A////AP///wD///8A////AAAAAAUAAAAF////AP///wD///8A////AP///wD///8A////AP///wD///8A////AAAAAAIAAABbAAAAlQAAAKIAAACbAAAAmwAAAKIAAACVAAAAWwAAAAL///8A////AP///wD///8A////AAAAABQAAADAAAAAYwAAAA3///8A////AP///wD///8AAAAADQAAAGMAAADAAAAAFP///wD///8A////AP///wAAAACdAAAAOv///wD///8A////AP///wD///8A////AP///wD///8AAAAAOgAAAJ3///8A////AP///wAAAAAnAAAAcP///wAAAAAoAAAASv///wD///8A////AP///wAAAABKAAAAKP///wAAAABwAAAAJ////wD///8AAAAAgQAAABwAAACIAAAAkAAAAJMAAACtAAAAFQAAABUAAACtAAAAkwAAAJAAAACIAAAAHAAAAIH///8A////AAAAAKQAAACrAAAAaP///wD///8AAAAARQAAANIAAADSAAAARf///wD///8AAAAAaAAAAKsAAACk////AAAAADMAAACcAAAAnQAAABj///8A////AP///wAAAAAYAAAAGP///wD///8A////AAAAABgAAACdAAAAnAAAADMAAAB1AAAAwwAAAP8AAADpAAAAsQAAAE4AAAAb////AP///wAAAAAbAAAATgAAALEAAADpAAAA/wAAAMMAAAB1AAAAtwAAAOkAAAD/AAAA/wAAAP8AAADvAAAA3gAAAN4AAADeAAAA3gAAAO8AAAD/AAAA/wAAAP8AAADpAAAAtwAAAGUAAAA/AAAA3wAAAP8AAAD/AAAA/wAAAP8AAAD/AAAA/wAAAP8AAAD/AAAA/wAAAP8AAADfAAAAPwAAAGX///8A////AAAAAEgAAADtAAAAvwAAAL0AAADGAAAA7wAAAO8AAADGAAAAvQAAAL8AAADtAAAASP///wD///8A////AP///wD///8AAAAAO////wD///8A////AAAAAIcAAACH////AP///wD///8AAAAAO////wD///8A////AP///wD///8A////AP///wD///8A////AP///wD///8A////AP///wD///8A////AP///wD///8A////AP///wD///8A////AP///wD///8A////AP///wD///8A////AP///wD///8A////AP///wD///8A////AP///wD///8A//8AAP//AAD4HwAA7/cAAN/7AAD//wAAoYUAAJ55AACf+QAAh+EAAAAAAADAAwAA4AcAAP5/AAD//wAA//8AAA=="/>
<link rel="icon" type="image/png" sizes="32x32" href="data:image/png;base64,iVBORw0KGgoAAAANSUhEUgAAACAAAAAgCAYAAABzenr0AAAABmJLR0QA/wD/AP+gvaeTAAAACXBIWXMAAA3XAAAN1wFCKJt4AAAAB3RJTUUH4QQQEwksSS9ZWwAAAk1JREFUWMPtll2ITVEUx39nn/O7Y5qR8f05wtCUUr6ZIS++8pEnkZInPImneaCQ5METNdOkeFBKUhMPRIkHKfEuUZSUlGlKPN2TrgfncpvmnntnmlEyq1Z7t89/rf9a6+y99oZxGZf/XeIq61EdtgKXgdXA0xrYAvBjOIF1AI9zvjcC74BSpndrJPkBWDScTF8Aa4E3wDlgHbASaANmVqlcCnwHvgDvgVfAJ+AikAAvgfVZwLnSVZHZaOuKoQi3ZOMi4NkYkpe1p4J7A8BpYAD49hfIy/oqG0+hLomiKP2L5L+1ubn5115S+3OAn4EnwBlgMzCjyt6ZAnQCJ4A7wOs88iRJHvw50HoujuPBoCKwHWiosy8MdfZnAdcHk8dxXFJ3VQbQlCTJvRBCGdRbD4M6uc5glpY3eAihpN5S5w12diSEcCCEcKUO4ljdr15T76ur1FDDLIQQ3qv71EdDOe3Kxj3leRXyk+pxdWnFWod6Wt2bY3de3aSuUHcPBVimHs7mK9WrmeOF6lR1o9qnzskh2ar2qm1qizpfXaPeVGdlmGN5pb09qMxz1Xb1kLqgzn1RyH7JUXW52lr5e/Kqi9qpto7V1atuUzfnARrV7jEib1T76gG2qxdGmXyiekkt1GswPTtek0aBfJp6YySGBfWg2tPQ0FAYgf1stUfdmdcjarbYJEniKIq6gY/Aw+zWHAC+p2labGpqiorFYgGYCEzN7oQdQClN07O1/EfDyGgC0ALMBdYAi4FyK+4H3gLPsxfR1zRNi+NP7nH5J+QntnXe5B5mpfQAAAAASUVORK5CYII=">

<!-- Google fonts -->
<link href='https://fonts.googleapis.com/css?family=Lato:400,600,900' rel='stylesheet' type='text/css'/>
<link href='https://fonts.googleapis.com/css?family=Source+Code+Pro:400,500,600' rel='stylesheet' type='text/css'/>

<!-- CSS -->
<title>subdir/subdir_b/utils</title>
<link rel="stylesheet" type="text/css" href="../../nimdoc.out.css">

<script type="text/javascript" src="../../dochack.js"></script>

<script type="text/javascript">
function main() {
  var pragmaDots = document.getElementsByClassName("pragmadots");
  for (var i = 0; i < pragmaDots.length; i++) {
    pragmaDots[i].onclick = function(event) {
      // Hide tease
      event.target.parentNode.style.display = "none";
      // Show actual
      event.target.parentNode.nextElementSibling.style.display = "inline";
    }
  }

  function switchTheme(e) {
      if (e.target.checked) {
          document.documentElement.setAttribute('data-theme', 'dark');
          localStorage.setItem('theme', 'dark');
      } else {
          document.documentElement.setAttribute('data-theme', 'light');
          localStorage.setItem('theme', 'light');
      }
  }

  const toggleSwitch = document.querySelector('.theme-switch input[type="checkbox"]');
  if (toggleSwitch !== null) {
    toggleSwitch.addEventListener('change', switchTheme, false);
  }

  var currentTheme = localStorage.getItem('theme');
  if (!currentTheme && window.matchMedia('(prefers-color-scheme: dark)').matches) {
    currentTheme = 'dark';
  }
  if (currentTheme) {
    document.documentElement.setAttribute('data-theme', currentTheme);

    if (currentTheme === 'dark' && toggleSwitch !== null) {
      toggleSwitch.checked = true;
    }
  }
}

window.addEventListener('DOMContentLoaded', main);
</script>

</head>
<body>
<div class="document" id="documentId">
  <div class="container">
    <h1 class="title">subdir/subdir_b/utils</h1>
    <div class="row">
  <div class="three columns">
  <div class="theme-switch-wrapper">
    <label class="theme-switch" for="checkbox">
      <input type="checkbox" id="checkbox" />
      <div class="slider round"></div>
    </label>
    &nbsp;&nbsp;&nbsp; <em>Dark Mode</em>
  </div>
  <div id="global-links">
    <ul class="simple">
    <li>
      <a href="../../theindex.html">Index</a>
    </li>
    </ul>
  </div>
  <div id="searchInputDiv">
    Search: <input type="text" id="searchInput"
      onkeyup="search()" />
  </div>
  <div>
    Group by:
    <select onchange="groupBy(this.value)">
      <option value="section">Section</option>
      <option value="type">Type</option>
    </select>
  </div>
  <ul class="simple simple-toc" id="toc-list">
<li><a class="reference" id="this-is-now-a-header_toc" href="#this-is-now-a-header">This is now a header</a></li>
<ul class="simple"><li><a class="reference" id="this-is-now-a-header-next-header_toc" href="#this-is-now-a-header-next-header">Next header</a></li>
<ul class="simple"><li><a class="reference" id="next-header-and-so-on_toc" href="#next-header-and-so-on">And so on</a></li>
</ul></ul><li><a class="reference" id="more-headers_toc" href="#more-headers">More headers</a></li>
<ul class="simple"><li><a class="reference" id="more-headers-up-to-level-6_toc" href="#more-headers-up-to-level-6">Up to level 6</a></li>
</ul><li>
  <a class="reference reference-toplevel" href="#7" id="57">Types</a>
  <ul class="simple simple-toc-section">
      <li><a class="reference" href="#SomeType"
    title="SomeType = enum
  enumValueA, enumValueB, enumValueC">SomeType</a></li>

  </ul>
</li>
<li>
  <a class="reference reference-toplevel" href="#12" id="62">Procs</a>
  <ul class="simple simple-toc-section">
      <ul class="simple nested-toc-section">someType
      <li><a class="reference" href="#someType_2"
    title="someType(): SomeType">someType(): SomeType</a></li>

  </ul>

  </ul>
</li>
<li>
  <a class="reference reference-toplevel" href="#18" id="68">Templates</a>
  <ul class="simple simple-toc-section">
      <ul class="simple nested-toc-section">aEnum
      <li><a class="reference" href="#aEnum.t"
    title="aEnum(): untyped">aEnum(): untyped</a></li>

  </ul>
  <ul class="simple nested-toc-section">fromUtilsGen
      <li><a class="reference" href="#fromUtilsGen.t"
    title="fromUtilsGen(): untyped">fromUtilsGen(): untyped</a></li>

  </ul>
  <ul class="simple nested-toc-section">bEnum
      <li><a class="reference" href="#bEnum.t"
    title="bEnum(): untyped">bEnum(): untyped</a></li>

  </ul>

  </ul>
</li>

</ul>

  </div>
  
  <div class="nine columns" id="content">
  <div id="tocRoot"></div>
  
  <p class="module-desc">
<h1><a class="toc-backref" id="this-is-now-a-header" href="#this-is-now-a-header">This is now a header</a></h1>
<h2><a class="toc-backref" id="this-is-now-a-header-next-header" href="#this-is-now-a-header-next-header">Next header</a></h2>
<h3><a class="toc-backref" id="next-header-and-so-on" href="#next-header-and-so-on">And so on</a></h3>
<h1><a class="toc-backref" id="more-headers" href="#more-headers">More headers</a></h1>
<h6><a class="toc-backref" id="more-headers-up-to-level-6" href="#more-headers-up-to-level-6">Up to level 6</a></h6><ol class="simple"><li>An enumeration</li>
<li>Second idea here.</li>
</ol>
<p>More text.</p>
<ol class="simple"><li>Other case value</li>
<li>Second case.</li>
</ol>
</p>
  <div class="section" id="7">
<h1><a class="toc-backref" href="#7">Types</a></h1>
<dl class="item">
<a id="SomeType"></a>
<dt><pre><a href="utils.html#SomeType"><span class="Identifier">SomeType</span></a> <span class="Other">=</span> <span class="Keyword">enum</span>
  <span class="Identifier">enumValueA</span><span class="Other">,</span> <span class="Identifier">enumValueB</span><span class="Other">,</span> <span class="Identifier">enumValueC</span></pre></dt>
<dd>



</dd>

</dl></div>
<div class="section" id="12">
<h1><a class="toc-backref" href="#12">Procs</a></h1>
<dl class="item">
<a id="someType_2"></a>
<dt><pre><span class="Keyword">proc</span> <a href="#someType_2"><span class="Identifier">someType</span></a><span class="Other">(</span><span class="Other">)</span><span class="Other">:</span> <a href="utils.html#SomeType"><span class="Identifier">SomeType</span></a> {.<span><span class="Other pragmadots">...</span></span><span class="pragmawrap"><span class="Identifier">raises</span><span class="Other">:</span> <span class="Other">[</span><span class="Other">]</span><span class="Other">,</span> <span class="Identifier">tags</span><span class="Other">:</span> <span class="Other">[</span><span class="Other">]</span></span>.}</pre></dt>
<dd>

constructor.

</dd>

</dl></div>
<div class="section" id="18">
<h1><a class="toc-backref" href="#18">Templates</a></h1>
<dl class="item">
<a id="aEnum.t"></a>
<dt><pre><span class="Keyword">template</span> <a href="#aEnum.t"><span class="Identifier">aEnum</span></a><span class="Other">(</span><span class="Other">)</span><span class="Other">:</span> <span class="Identifier">untyped</span></pre></dt>
<dd>



</dd>
<a id="bEnum.t"></a>
<dt><pre><span class="Keyword">template</span> <a href="#bEnum.t"><span class="Identifier">bEnum</span></a><span class="Other">(</span><span class="Other">)</span><span class="Other">:</span> <span class="Identifier">untyped</span></pre></dt>
<dd>



</dd>
<a id="fromUtilsGen.t"></a>
<dt><pre><span class="Keyword">template</span> <a href="#fromUtilsGen.t"><span class="Identifier">fromUtilsGen</span></a><span class="Other">(</span><span class="Other">)</span><span class="Other">:</span> <span class="Identifier">untyped</span></pre></dt>
<dd>

should be shown in utils.html only
<p><strong class="examples_text">Example:</strong></p>
<pre class="listing"><span class="Keyword">discard</span> <span class="StringLit">&quot;should be in utils.html only, not in module that calls fromUtilsGen&quot;</span></pre>ditto

</dd>

</dl></div>

  </div>
</div>

    <div class="row">
      <div class="twelve-columns footer">
        <span class="nim-sprite"></span>
        <br/>
        <small style="color: var(--hint);">Made with Nim. Generated: 1970-01-02 03:46:40 UTC</small>
      </div>
    </div>
  </div>
</div>

</body>
</html>
