f(x) {
L0:
  if x > 5 then goto L1 else goto L2
L2:
  goto L3
L1:
  goto L3
L3:
  ret (1)
}
