
tests/suite/typecheck/compile/tc125.hs:17:10: warning: [-Wmissing-methods (in -Wdefault)]
    No explicit implementation for
      ‘add’
    In the instance declaration for ‘Add Z a a’

tests/suite/typecheck/compile/tc125.hs:18:10: warning: [-Wmissing-methods (in -Wdefault)]
    No explicit implementation for
      ‘add’
    In the instance declaration for ‘Add (S a) b (S c)’

tests/suite/typecheck/compile/tc125.hs:22:10: warning: [-Wmissing-methods (in -Wdefault)]
    No explicit implementation for
      ‘mul’
    In the instance declaration for ‘Mul Z a Z’

tests/suite/typecheck/compile/tc125.hs:23:10: warning: [-Wmissing-methods (in -Wdefault)]
    No explicit implementation for
      ‘mul’
    In the instance declaration for ‘Mul (S a) b d’

tests/suite/typecheck/compile/tc125.hs:30:10: warning: [-Wmissing-methods (in -Wdefault)]
    No explicit implementation for
      ‘add’
    In the instance declaration for ‘Add (Q a b) (Q c d) (Q ad_bc bd)’
