
tests/suite/typecheck/compile/tc265.hs:8:3: warning:
    Overlapped type family instance equation:
      F (T Int) = Bool
