[1 of 3] Processing p
  [1 of 2] Compiling H[sig]           ( p/H.hsig, nothing )
  [2 of 2] Compiling A                ( p/A.hs, nothing )
[2 of 3] Processing q
  Instantiating q
  [1 of 1] Compiling H                ( q/H.hs, dist/backpack/compile/bkp02/q/H.jar )
[3 of 3] Processing r
  Instantiating r
  [1 of 2] Including q
  [2 of 2] Including p[H=q:H]
    Instantiating p[H=q:H]
    [1 of 2] Compiling H[sig]           ( p/H.hsig, dist/backpack/compile/bkp02/p/p-D5Mg3foBSCrDbQDKH4WGSG/H.jar )
    [2 of 2] Compiling A                ( p/A.hs, dist/backpack/compile/bkp02/p/p-D5Mg3foBSCrDbQDKH4WGSG/A.jar )
  [1 of 1] Compiling R                ( r/R.hs, dist/backpack/compile/bkp02/r/R.jar )
