[1 of 5] Processing p
  [1 of 1] Compiling H[sig]           ( p/H.hsig, nothing )
[2 of 5] Processing q
  [1 of 1] Compiling H[sig]           ( q/H.hsig, nothing )
[3 of 5] Processing r
  [1 of 2] Compiling H[sig]           ( r/H.hsig, nothing )
  [2 of 2] Compiling M                ( r/M.hs, nothing )
[4 of 5] Processing h-impl
  Instantiating h-impl
  [1 of 1] Compiling H                ( h-impl/H.hs, dist/backpack/compile/bkp20/h-impl/H.jar )
[5 of 5] Processing s
  Instantiating s
  [1 of 1] Including r[H=h-impl:H]
    Instantiating r[H=h-impl:H]
    [1 of 2] Including p[H=h-impl:H]
      Instantiating p[H=h-impl:H]
      [1 of 1] Compiling H[sig]           ( p/H.hsig, dist/backpack/compile/bkp20/p/p-5FYQgnNkfSvBT5yogOxPpf/H.jar )
    [2 of 2] Including q[H=h-impl:H]
      Instantiating q[H=h-impl:H]
      [1 of 1] Compiling H[sig]           ( q/H.hsig, dist/backpack/compile/bkp20/q/q-5FYQgnNkfSvBT5yogOxPpf/H.jar )
    [1 of 2] Compiling H[sig]           ( r/H.hsig, dist/backpack/compile/bkp20/r/r-5FYQgnNkfSvBT5yogOxPpf/H.jar )
    [2 of 2] Compiling M                ( r/M.hs, dist/backpack/compile/bkp20/r/r-5FYQgnNkfSvBT5yogOxPpf/M.jar )
