
tests/suite/typecheck/fail/tcfail078.hs:5:6: error:
    ‘Integer’ is applied to too many type arguments
    In the type signature for ‘f’: f :: Integer i => i
