
tests/suite/typecheck/fail/tcfail114.hs:11:20: error:
    ‘foo’ is not a record selector
    In the expression: undefined {foo = ()}
    In an equation for ‘test’: test = undefined {foo = ()}
