
tests/suite/typecheck/fail/tcfail205.hs:3:26: error:
    Couldn't match expected type ‘t0 [t]’ with actual type ‘Char’
    Relevant bindings include
      x :: t (bound at tests/suite/typecheck/fail/tcfail205.hs:3:3)
      f :: t -> [t]
        (bound at tests/suite/typecheck/fail/tcfail205.hs:3:1)
    In the third argument of ‘foldl’, namely ‘'a'’
    In the expression: foldl (+) [1 .. x] 'a'
    In an equation for ‘f’: f x = foldl (+) [1 .. x] 'a'
