
tests/suite/typecheck/fail/tcfail196.hs:5:8: error:
    Illegal polymorphic or qualified type: forall a. a
    In the type signature for ‘bar’:
      bar :: Num (forall a. a) => Int -> Int
