
tests/suite/typecheck/fail/tcfail063.hs:6:9: error:
    Expecting one more argument to ‘Num’
    Expected a constraint,
      but ‘Num’ has kind ‘* -> GHC.Prim.Constraint’
    In the type signature for ‘moby’: moby :: Num => Int -> a -> Int
