
tests/suite/typecheck/fail/tcfail020.hs:10:10: error:
    Could not deduce (A [a])
      arising from the superclasses of an instance declaration
    from the context (A a)
      bound by the instance declaration
      at tests/suite/typecheck/fail/tcfail020.hs:10:10-23
    In the instance declaration for ‘B [a]’
