
tests/suite/typecheck/fail/tcfail027.hs:4:1: error:
    Cycle in class declaration (via superclasses): A -> B -> A
    In the class declaration for ‘A’

tests/suite/typecheck/fail/tcfail027.hs:7:1: error:
    Cycle in class declaration (via superclasses): B -> A -> B
    In the class declaration for ‘B’
