
tests/suite/typecheck/fail/tcfail043.hs:38:17: error:
    No instance for (Ord_ a0) arising from a use of ‘gt’
    The type variable ‘a0’ is ambiguous
    Relevant bindings include
      bs :: [a0] (bound at tests/suite/typecheck/fail/tcfail043.hs:38:8)
      a :: a0 (bound at tests/suite/typecheck/fail/tcfail043.hs:38:6)
      search :: a0 -> [a0] -> Bool
        (bound at tests/suite/typecheck/fail/tcfail043.hs:37:1)
    Note: there is a potential instance available:
      instance Ord_ Int
        -- Defined at tests/suite/typecheck/fail/tcfail043.hs:34:10
    In the expression: gt (hd bs) a
    In the expression:
      if gt (hd bs) a then
          False
      else
          if eq a (hd bs) then True else search a (tl bs)
    In the expression:
      \ a bs
        -> if gt (hd bs) a then
               False
           else
               if eq a (hd bs) then True else search a (tl bs)

tests/suite/typecheck/fail/tcfail043.hs:40:25: error:
    No instance for (Eq_ a0) arising from a use of ‘eq’
    The type variable ‘a0’ is ambiguous
    Relevant bindings include
      bs :: [a0] (bound at tests/suite/typecheck/fail/tcfail043.hs:38:8)
      a :: a0 (bound at tests/suite/typecheck/fail/tcfail043.hs:38:6)
      search :: a0 -> [a0] -> Bool
        (bound at tests/suite/typecheck/fail/tcfail043.hs:37:1)
    Note: there are several potential instances:
      instance Eq_ Int
        -- Defined at tests/suite/typecheck/fail/tcfail043.hs:20:10
      instance Eq_ a => Eq_ [a]
        -- Defined at tests/suite/typecheck/fail/tcfail043.hs:23:10
    In the expression: eq a (hd bs)
    In the expression: if eq a (hd bs) then True else search a (tl bs)
    In the expression:
      if gt (hd bs) a then
          False
      else
          if eq a (hd bs) then True else search a (tl bs)
