
tests/suite/typecheck/fail/tcfail146.hs:7:22: error:
    Expected a type, but ‘SClass a’ has kind ‘GHC.Prim.Constraint’
    In the type ‘SClass a’
    In the definition of data constructor ‘SCon’
    In the data declaration for ‘SData’
