
tests/suite/typecheck/fail/tcfail187.hs:7:6: error:
    Constructor ‘:::’ should have no arguments, but has been given 2
    In the pattern: x ::: y
    In an equation for ‘foo’: foo (x ::: y) = ()
