
tests/suite/typecheck/fail/tcfail017.hs:10:10: error:
    Could not deduce (C [a])
      arising from the superclasses of an instance declaration
    from the context (B a)
      bound by the instance declaration
      at tests/suite/typecheck/fail/tcfail017.hs:10:10-23
    In the instance declaration for ‘B [a]’
