
tests/suite/typecheck/fail/tcfail106.hs:14:10: error:
    No instance for (S Int)
      arising from the superclasses of an instance declaration
    In the instance declaration for ‘D Int’
