
tests/suite/typecheck/fail/tcfail104.hs:16:19: error:
    Couldn't match expected type ‘Char -> Char’
                with actual type ‘forall a. a -> a’
    In the expression: x
    In the expression: (\ x -> x)

tests/suite/typecheck/fail/tcfail104.hs:22:39: error:
    Couldn't match expected type ‘forall a. a -> a’
                with actual type ‘a0 -> a0’
    In the expression: x
    In the expression: (\ (x :: forall a. a -> a) -> x)
