
tests/suite/typecheck/fail/tcfail015.hs:7:13: error:
    No instance for (Num Bool) arising from the literal ‘2’
    In the expression: 2
    In an equation for ‘g’: g (ANull) = 2
