
tests/suite/typecheck/fail/tcfail095.hs:9:1: error:
    Top-level bindings for unlifted types aren't allowed: x = 1#
