
tests/suite/typecheck/fail/tcfail143.hs:29:9: error:
    Couldn't match type ‘Z’ with ‘S Z’
    arising from a functional dependency between:
      constraint ‘MinMax (S Z) Z Z Z’ arising from a use of ‘extend’
      instance ‘MinMax Z b Z b’
        at tests/suite/typecheck/fail/tcfail143.hs:12:10-23
    In the expression: n1 `extend` n0
    In an equation for ‘t2’: t2 = n1 `extend` n0
