
tests/suite/typecheck/fail/tcfail089.hs:10:10: error:
    Parse error in pattern: "hd" ++ _
